d:\programming\projects\c#\seb-breakage\build\release\junk\hooking.pch
d:\programming\projects\c#\seb-breakage\build\release\junk\vc143.pdb
d:\programming\projects\c#\seb-breakage\build\release\junk\pch.obj
d:\programming\projects\c#\seb-breakage\build\release\junk\utils.obj
d:\programming\projects\c#\seb-breakage\build\release\junk\operations.obj
d:\programming\projects\c#\seb-breakage\build\release\junk\hooks.obj
d:\programming\projects\c#\seb-breakage\build\release\junk\dllmain.obj
d:\programming\projects\c#\seb-breakage\build\release\hooking.dll
d:\programming\projects\c#\seb-breakage\build\release\hooking.pdb
d:\programming\projects\c#\seb-breakage\build\release\junk\hooking.ipdb
d:\programming\projects\c#\seb-breakage\build\release\junk\hooking.iobj
d:\programming\projects\c#\seb-breakage\src\..\build\release\hooking.pdb
d:\programming\projects\c#\seb-breakage\src\..\build\release\junk\hooking.vcxproj.filelistabsolute.txt
d:\programming\projects\c#\seb-breakage\build\release\junk\hooking.tlog\cl.command.1.tlog
d:\programming\projects\c#\seb-breakage\build\release\junk\hooking.tlog\cl.items.tlog
d:\programming\projects\c#\seb-breakage\build\release\junk\hooking.tlog\cl.read.1.tlog
d:\programming\projects\c#\seb-breakage\build\release\junk\hooking.tlog\cl.write.1.tlog
d:\programming\projects\c#\seb-breakage\build\release\junk\hooking.tlog\link.command.1.tlog
d:\programming\projects\c#\seb-breakage\build\release\junk\hooking.tlog\link.read.1.tlog
d:\programming\projects\c#\seb-breakage\build\release\junk\hooking.tlog\link.secondary.1.tlog
d:\programming\projects\c#\seb-breakage\build\release\junk\hooking.tlog\link.write.1.tlog
